========================================================================
  ENDPOINT HEALTH CHECK
  Timestamp:  2026-07-26T08:28:06Z
  Endpoints:  54
========================================================================

  Endpoint                                 Status       Time       Size
  ──────────────────────────────────────── ──────── ──────── ──────────
  ✓ weather.gov                             200         170ms   121,600B
  ✓ weather.gov API                         200         159ms     9,495B
  ✓ airnow.gov                              200          49ms   104,266B
  ✓ usgs.gov earthquake feed                200          66ms       932B
  ✓ epa.gov                                 200          58ms    64,694B
  ✓ data.gov                                200         270ms   121,509B
  ✓ census.gov                              200         338ms   351,260B
  ! bls.gov                                 403         153ms          —
    └─ Forbidden
  ✗ fred.stlouisfed.org                     FAIL      20138ms          —
    └─ The read operation timed out
  ✓ usaspending.gov                         200         498ms     2,917B
  ✓ usa.gov                                 200         137ms    47,199B
  ✓ gsa.gov                                 200          51ms   188,324B
  ✓ whitehouse.gov                          200          89ms   292,833B
  ! congress.gov                            403          40ms          —
    └─ Forbidden
  ✓ federalregister.gov                     200         239ms    10,596B
  ✓ govinfo.gov                             200          97ms    65,655B
  ! regulations.gov                         403          45ms          —
    └─ Forbidden
  ✓ grants.gov                              200          49ms    62,207B
  ✓ nih.gov                                 200         217ms    63,001B
  ! cdc.gov                                 403          86ms          —
    └─ Forbidden
  ✓ nasa.gov                                200          86ms   348,037B
  ✓ nsf.gov                                 200         151ms    75,138B
  ✓ energy.gov                              200          91ms   130,881B
  ✓ usps.com tracking                       200         179ms    88,845B
  ✓ irs.gov                                 200         238ms   137,710B
  ! ssa.gov                                 403         222ms          —
    └─ Forbidden
  ✓ sba.gov                                 200         192ms   121,597B
  ! search.usa.gov (usa.gov)                202          45ms          —
  ! search.usa.gov (weather)                202          40ms          —
  ! search.usa.gov (education)              202          41ms          —
  ! search.usa.gov (health)                 202          42ms          —
  ! search.usa.gov (veterans)               202          43ms          —
  ! search.usa.gov (irs)                    202          41ms          —
  ! search.usa.gov (nasa)                   202          39ms          —
  ! search.usa.gov (cia)                    202          33ms          —
  ! search.usa.gov (nsa)                    202          41ms          —
  ! search.usa.gov (fbi)                    202          36ms          —
  ! search.usa.gov (dhs)                    202          35ms          —
  ! search.usa.gov (defense)                202          40ms          —
  ! search.usa.gov (state)                  202          42ms          —
  ! search.usa.gov (justice)                202          39ms          —
  ! search.usa.gov (labor)                  202          37ms          —
  ! search.usa.gov (commerce)               202          39ms          —
  ! search.usa.gov (treasury)               202          36ms          —
  ! search.usa.gov (interior)               202          39ms          —
  ! search.usa.gov (agriculture)            202         128ms          —
  ! cia.gov readingroom                     302         437ms          —
    └─ The HTTP server returned a redirect error that would lead to
  ✓ cia.gov                                 200         218ms   529,437B
  ! nsa.gov                                 403         214ms          —
    └─ Forbidden
  ✓ fbi.gov                                 200          94ms    94,186B
  ! dni.gov                                 403         205ms          —
    └─ Forbidden
  ! dia.mil                                 403         375ms          —
    └─ Forbidden
  ! dc3.mil                                 403         717ms          —
    └─ Forbidden
  ! intelligence.gov                        403         145ms          —
    └─ Forbidden

========================================================================
  SUMMARY
  Healthy:    23/54
  Failed:     31/54
  Avg time:   506ms
  Timestamp:  2026-07-26T08:28:06Z
========================================================================

─── FULL ENDPOINT LOG ───
  [OK] https://www.weather.gov/
  [OK] https://api.weather.gov/
  [OK] https://www.airnow.gov/
  [OK] https://earthquake.usgs.gov/fdsnws/event/1/query?format=geojson&limit=1
  [OK] https://www.epa.gov/
  [OK] https://www.data.gov/
  [OK] https://www.census.gov/
  [ERR:403] https://www.bls.gov/
  [ERR:FAIL] https://fred.stlouisfed.org/
  [OK] https://www.usaspending.gov/
  [OK] https://www.usa.gov/
  [OK] https://www.gsa.gov/
  [OK] https://www.whitehouse.gov/
  [ERR:403] https://www.congress.gov/
  [OK] https://www.federalregister.gov/
  [OK] https://www.govinfo.gov/
  [ERR:403] https://www.regulations.gov/
  [OK] https://www.grants.gov/
  [OK] https://www.nih.gov/
  [ERR:403] https://www.cdc.gov/
  [OK] https://www.nasa.gov/
  [OK] https://www.nsf.gov/
  [OK] https://www.energy.gov/
  [OK] https://www.usps.com/
  [OK] https://www.irs.gov/
  [ERR:403] https://www.ssa.gov/
  [OK] https://www.sba.gov/
  [ERR:202] https://search.usa.gov/search?affiliate=usagov&query=benefits+eligibility
  [ERR:202] https://search.usa.gov/search?affiliate=noaa.gov&query=forecast+update
  [ERR:202] https://search.usa.gov/search?affiliate=ed.gov&query=student+loan+forgiveness
  [ERR:202] https://search.usa.gov/search?affiliate=hhs.gov&query=medicare+enrollment
  [ERR:202] https://search.usa.gov/search?affiliate=va&query=veteran+benefits+2026
  [ERR:202] https://search.usa.gov/search?affiliate=irs&query=tax+refund+status
  [ERR:202] https://search.usa.gov/search?affiliate=nasa&query=artemis+mission+update
  [ERR:202] https://search.usa.gov/search?affiliate=cia&query=sns_anon
  [ERR:202] https://search.usa.gov/search?affiliate=nsa&query=sns_anon
  [ERR:202] https://search.usa.gov/search?affiliate=fbi&query=sns_anon
  [ERR:202] https://search.usa.gov/search?affiliate=dhs&query=sns_anon
  [ERR:202] https://search.usa.gov/search?affiliate=defense.gov&query=sns_anon
  [ERR:202] https://search.usa.gov/search?affiliate=dos&query=travel+advisory+update
  [ERR:202] https://search.usa.gov/search?affiliate=doj&query=federal+prosecution+guidelines
  [ERR:202] https://search.usa.gov/search?affiliate=dol&query=unemployment+claims+data
  [ERR:202] https://search.usa.gov/search?affiliate=commerce.gov&query=trade+deficit+report
  [ERR:202] https://search.usa.gov/search?affiliate=treasury&query=debt+ceiling+update
  [ERR:202] https://search.usa.gov/search?affiliate=doi.gov&query=national+park+closure
  [ERR:202] https://search.usa.gov/search?affiliate=usda&query=crop+forecast+2026
  [ERR:302] https://www.cia.gov/readingroom/
  [OK] https://www.cia.gov/
  [ERR:403] https://www.nsa.gov/
  [OK] https://www.fbi.gov/
  [ERR:403] https://www.dni.gov/
  [ERR:403] https://www.dia.mil/
  [ERR:403] https://www.dc3.mil/
  [ERR:403] https://www.intelligence.gov/

─── JSON ───
{
  "timestamp": "2026-07-26T08:28:06Z",
  "total": 54,
  "healthy": 23,
  "failed": 31,
  "avg_response_ms": 506,
  "endpoints": [
    {
      "name": "weather.gov",
      "url": "https://www.weather.gov/",
      "status": 200,
      "ms": 170
    },
    {
      "name": "weather.gov API",
      "url": "https://api.weather.gov/",
      "status": 200,
      "ms": 159
    },
    {
      "name": "airnow.gov",
      "url": "https://www.airnow.gov/",
      "status": 200,
      "ms": 49
    },
    {
      "name": "usgs.gov earthquake feed",
      "url": "https://earthquake.usgs.gov/fdsnws/event/1/query?format=geojson&limit=1",
      "status": 200,
      "ms": 66
    },
    {
      "name": "epa.gov",
      "url": "https://www.epa.gov/",
      "status": 200,
      "ms": 58
    },
    {
      "name": "data.gov",
      "url": "https://www.data.gov/",
      "status": 200,
      "ms": 270
    },
    {
      "name": "census.gov",
      "url": "https://www.census.gov/",
      "status": 200,
      "ms": 338
    },
    {
      "name": "bls.gov",
      "url": "https://www.bls.gov/",
      "status": 403,
      "ms": 153
    },
    {
      "name": "fred.stlouisfed.org",
      "url": "https://fred.stlouisfed.org/",
      "status": "FAIL",
      "ms": 20138
    },
    {
      "name": "usaspending.gov",
      "url": "https://www.usaspending.gov/",
      "status": 200,
      "ms": 498
    },
    {
      "name": "usa.gov",
      "url": "https://www.usa.gov/",
      "status": 200,
      "ms": 137
    },
    {
      "name": "gsa.gov",
      "url": "https://www.gsa.gov/",
      "status": 200,
      "ms": 51
    },
    {
      "name": "whitehouse.gov",
      "url": "https://www.whitehouse.gov/",
      "status": 200,
      "ms": 89
    },
    {
      "name": "congress.gov",
      "url": "https://www.congress.gov/",
      "status": 403,
      "ms": 40
    },
    {
      "name": "federalregister.gov",
      "url": "https://www.federalregister.gov/",
      "status": 200,
      "ms": 239
    },
    {
      "name": "govinfo.gov",
      "url": "https://www.govinfo.gov/",
      "status": 200,
      "ms": 97
    },
    {
      "name": "regulations.gov",
      "url": "https://www.regulations.gov/",
      "status": 403,
      "ms": 45
    },
    {
      "name": "grants.gov",
      "url": "https://www.grants.gov/",
      "status": 200,
      "ms": 49
    },
    {
      "name": "nih.gov",
      "url": "https://www.nih.gov/",
      "status": 200,
      "ms": 217
    },
    {
      "name": "cdc.gov",
      "url": "https://www.cdc.gov/",
      "status": 403,
      "ms": 86
    },
    {
      "name": "nasa.gov",
      "url": "https://www.nasa.gov/",
      "status": 200,
      "ms": 86
    },
    {
      "name": "nsf.gov",
      "url": "https://www.nsf.gov/",
      "status": 200,
      "ms": 151
    },
    {
      "name": "energy.gov",
      "url": "https://www.energy.gov/",
      "status": 200,
      "ms": 91
    },
    {
      "name": "usps.com tracking",
      "url": "https://www.usps.com/",
      "status": 200,
      "ms": 179
    },
    {
      "name": "irs.gov",
      "url": "https://www.irs.gov/",
      "status": 200,
      "ms": 238
    },
    {
      "name": "ssa.gov",
      "url": "https://www.ssa.gov/",
      "status": 403,
      "ms": 222
    },
    {
      "name": "sba.gov",
      "url": "https://www.sba.gov/",
      "status": 200,
      "ms": 192
    },
    {
      "name": "search.usa.gov (usa.gov)",
      "url": "https://search.usa.gov/search?affiliate=usagov&query=benefits+eligibility",
      "status": 202,
      "ms": 45
    },
    {
      "name": "search.usa.gov (weather)",
      "url": "https://search.usa.gov/search?affiliate=noaa.gov&query=forecast+update",
      "status": 202,
      "ms": 40
    },
    {
      "name": "search.usa.gov (education)",
      "url": "https://search.usa.gov/search?affiliate=ed.gov&query=student+loan+forgiveness",
      "status": 202,
      "ms": 41
    },
    {
      "name": "search.usa.gov (health)",
      "url": "https://search.usa.gov/search?affiliate=hhs.gov&query=medicare+enrollment",
      "status": 202,
      "ms": 42
    },
    {
      "name": "search.usa.gov (veterans)",
      "url": "https://search.usa.gov/search?affiliate=va&query=veteran+benefits+2026",
      "status": 202,
      "ms": 43
    },
    {
      "name": "search.usa.gov (irs)",
      "url": "https://search.usa.gov/search?affiliate=irs&query=tax+refund+status",
      "status": 202,
      "ms": 41
    },
    {
      "name": "search.usa.gov (nasa)",
      "url": "https://search.usa.gov/search?affiliate=nasa&query=artemis+mission+update",
      "status": 202,
      "ms": 39
    },
    {
      "name": "search.usa.gov (cia)",
      "url": "https://search.usa.gov/search?affiliate=cia&query=sns_anon",
      "status": 202,
      "ms": 33
    },
    {
      "name": "search.usa.gov (nsa)",
      "url": "https://search.usa.gov/search?affiliate=nsa&query=sns_anon",
      "status": 202,
      "ms": 41
    },
    {
      "name": "search.usa.gov (fbi)",
      "url": "https://search.usa.gov/search?affiliate=fbi&query=sns_anon",
      "status": 202,
      "ms": 36
    },
    {
      "name": "search.usa.gov (dhs)",
      "url": "https://search.usa.gov/search?affiliate=dhs&query=sns_anon",
      "status": 202,
      "ms": 35
    },
    {
      "name": "search.usa.gov (defense)",
      "url": "https://search.usa.gov/search?affiliate=defense.gov&query=sns_anon",
      "status": 202,
      "ms": 40
    },
    {
      "name": "search.usa.gov (state)",
      "url": "https://search.usa.gov/search?affiliate=dos&query=travel+advisory+update",
      "status": 202,
      "ms": 42
    },
    {
      "name": "search.usa.gov (justice)",
      "url": "https://search.usa.gov/search?affiliate=doj&query=federal+prosecution+guidelines",
      "status": 202,
      "ms": 39
    },
    {
      "name": "search.usa.gov (labor)",
      "url": "https://search.usa.gov/search?affiliate=dol&query=unemployment+claims+data",
      "status": 202,
      "ms": 37
    },
    {
      "name": "search.usa.gov (commerce)",
      "url": "https://search.usa.gov/search?affiliate=commerce.gov&query=trade+deficit+report",
      "status": 202,
      "ms": 39
    },
    {
      "name": "search.usa.gov (treasury)",
      "url": "https://search.usa.gov/search?affiliate=treasury&query=debt+ceiling+update",
      "status": 202,
      "ms": 36
    },
    {
      "name": "search.usa.gov (interior)",
      "url": "https://search.usa.gov/search?affiliate=doi.gov&query=national+park+closure",
      "status": 202,
      "ms": 39
    },
    {
      "name": "search.usa.gov (agriculture)",
      "url": "https://search.usa.gov/search?affiliate=usda&query=crop+forecast+2026",
      "status": 202,
      "ms": 128
    },
    {
      "name": "cia.gov readingroom",
      "url": "https://www.cia.gov/readingroom/",
      "status": 302,
      "ms": 437
    },
    {
      "name": "cia.gov",
      "url": "https://www.cia.gov/",
      "status": 200,
      "ms": 218
    },
    {
      "name": "nsa.gov",
      "url": "https://www.nsa.gov/",
      "status": 403,
      "ms": 214
    },
    {
      "name": "fbi.gov",
      "url": "https://www.fbi.gov/",
      "status": 200,
      "ms": 94
    },
    {
      "name": "dni.gov",
      "url": "https://www.dni.gov/",
      "status": 403,
      "ms": 205
    },
    {
      "name": "dia.mil",
      "url": "https://www.dia.mil/",
      "status": 403,
      "ms": 375
    },
    {
      "name": "dc3.mil",
      "url": "https://www.dc3.mil/",
      "status": 403,
      "ms": 717
    },
    {
      "name": "intelligence.gov",
      "url": "https://www.intelligence.gov/",
      "status": 403,
      "ms": 145
    }
  ]
}
